data-science/data/preprocessed_dataset.csv
date,item_id,sales,price,promo,weekday,month,revenue
2021-01-01,1,22,20.59,0,4,1,452.98
2021-01-02,1,17,20.59,0,5,1,350.03
2021-01-03,1,21,20.59,0,6,1,432.39
2021-01-04,1,21,20.59,0,0,1,432.39
2021-01-05,1,35,16.47,1,1,1,576.4499999999999
2021-01-06,1,27,20.59,0,2,1,555.93
2021-01-07,1,33,16.47,1,3,1,543.51
2021-01-08,1,20,20.59,0,4,1,411.8
2021-01-09,1,16,20.59,0,5,1,329.44
2021-01-10,1,14,20.59,0,6,1,288.26
2021-01-11,1,23,20.59,0,0,1,473.57
2021-01-12,1,26,20.59,0,1,1,535.34
2021-01-13,1,30,20.59,0,2,1,617.7
2021-01-14,1,19,20.59,0,3,1,391.21
2021-01-15,1,19,20.59,0,4,1,391.21
2021-01-16,1,22,20.59,0,5,1,452.98
2021-01-17,1,31,16.47,1,6,1,510.56999999999994
2021-01-18,1,25,20.59,0,0,1,514.75
2021-01-19,1,44,16.47,1,1,1,724.68
2021-01-20,1,25,20.59,0,2,1,514.75
2021-01-21,1,23,20.59,0,3,1,473.57
2021-01-22,1,35,16.47,1,4,1,576.4499999999999
2021-01-23,1,21,20.59,0,5,1,432.39
2021-01-24,1,20,20.59,0,6,1,411.8
2021-01-25,1,23,20.59,0,0,1,473.57
2021-01-26,1,25,20.59,0,1,1,514.75
2021-01-27,1,33,20.59,0,2,1,679.47
2021-01-28,1,32,20.59,0,3,1,658.88
2021-01-29,1,36,16.47,1,4,1,592.92
2021-01-30,1,21,20.59,0,5,1,432.39
2021-01-31,1,22,20.59,0,6,1,452.98
2021-02-01,1,25,20.59,0,0,2,514.75
2021-02-02,1,37,16.47,1,1,2,609.39
2021-02-03,1,28,20.59,0,2,2,576.52
2021-02-04,1,43,16.47,1,3,2,708.2099999999999
2021-02-05,1,20,20.59,0,4,2,411.8
2021-02-06,1,21,20.59,0,5,2,432.39
2021-02-07,1,25,20.59,0,6,2,514.75
2021-02-08,1,29,20.59,0,0,2,597.11
2021-02-09,1,32,20.59,0,1,2,658.88
2021-02-10,1,31,20.59,0,2,2,638.29
2021-02-11,1,30,20.59,0,3,2,617.7
2021-02-12,1,23,20.59,0,4,2,473.57
2021-02-13,1,26,20.59,0,5,2,535.34
2021-02-14,1,17,20.59,0,6,2,350.03
2021-02-15,1,26,20.59,0,0,2,535.34
2021-02-16,1,28,20.59,0,1,2,576.52
2021-02-17,1,33,20.59,0,2,2,679.47
2021-02-18,1,27,20.59,0,3,2,555.93
2021-02-19,1,31,20.59,0,4,2,638.29
2021-02-20,1,24,20.59,0,5,2,494.15999999999997
2021-02-21,1,19,20.59,0,6,2,391.21
2021-02-22,1,18,20.59,0,0,2,370.62
2021-02-23,1,27,20.59,0,1,2,555.93
2021-02-24,1,49,16.47,1,2,2,807.03
2021-02-25,1,28,20.59,0,3,2,576.52
2021-02-26,1,22,20.59,0,4,2,452.98
2021-02-27,1,19,20.59,0,5,2,391.21
2021-02-28,1,25,20.59,0,6,2,514.75
2021-03-01,1,26,20.59,0,0,3,535.34
2021-03-02,1,30,20.59,0,1,3,617.7
2021-03-03,1,51,16.47,1,2,3,839.9699999999999
2021-03-04,1,34,20.59,0,3,3,700.06
2021-03-05,1,21,20.59,0,4,3,432.39
2021-03-06,1,25,20.59,0,5,3,514.75
2021-03-07,1,22,20.59,0,6,3,452.98
2021-03-08,1,30,20.59,0,0,3,617.7
2021-03-09,1,33,20.59,0,1,3,679.47
2021-03-10,1,32,20.59,0,2,3,658.88
2021-03-11,1,30,20.59,0,3,3,617.7
2021-03-12,1,27,20.59,0,4,3,555.93
2021-03-13,1,19,20.59,0,5,3,391.21
2021-03-14,1,20,20.59,0,6,3,411.8
2021-03-15,1,34,20.59,0,0,3,700.06
2021-03-16,1,35,20.59,0,1,3,720.65
2021-03-17,1,52,16.47,1,2,3,856.4399999999999
2021-03-18,1,29,20.59,0,3,3,597.11
2021-03-19,1,20,20.59,0,4,3,411.8
2021-03-20,1,21,20.59,0,5,3,432.39
2021-03-21,1,36,16.47,1,6,3,592.92
2021-03-22,1,31,20.59,0,0,3,638.29
2021-03-23,1,33,20.59,0,1,3,679.47
2021-03-24,1,34,20.59,0,2,3,700.06
2021-03-25,1,45,16.47,1,3,3,741.15
2021-03-26,1,27,20.59,0,4,3,555.93
2021-03-27,1,20,20.59,0,5,3,411.8
2021-03-28,1,35,16.47,1,6,3,576.4499999999999
2021-03-29,1,41,16.47,1,0,3,675.27
2021-03-30,1,36,20.59,0,1,3,741.24
2021-03-31,1,25,20.59,0,2,3,514.75
2021-04-01,1,30,20.59,0,3,4,617.7
2021-04-02,1,26,20.59,0,4,4,535.34
2021-04-03,1,17,20.59,0,5,4,350.03
2021-04-04,1,26,20.59,0,6,4,535.34
2021-04-05,1,27,20.59,0,0,4,555.93
2021-04-06,1,45,16.47,1,1,4,741.15
2021-04-07,1,36,20.59,0,2,4,741.24
2021-04-08,1,28,20.59,0,3,4,576.52
2021-04-09,1,40,16.47,1,4,4,658.8
2021-04-10,1,34,16.47,1,5,4,559.98
2021-04-11,1,22,20.59,0,6,4,452.98
2021-04-12,1,38,16.47,1,0,4,625.8599999999999
2021-04-13,1,30,20.59,0,1,4,617.7
2021-04-14,1,36,20.59,0,2,4,741.24
2021-04-15,1,33,20.59,0,3,4,679.47
2021-04-16,1,27,20.59,0,4,4,555.93
2021-04-17,1,22,20.59,0,5,4,452.98
2021-04-18,1,25,20.59,0,6,4,514.75
2021-04-19,1,28,20.59,0,0,4,576.52
2021-04-20,1,46,16.47,1,1,4,757.6199999999999
2021-04-21,1,30,20.59,0,2,4,617.7
2021-04-22,1,29,20.59,0,3,4,597.11
2021-04-23,1,23,20.59,0,4,4,473.57
2021-04-24,1,22,20.59,0,5,4,452.98
2021-04-25,1,28,20.59,0,6,4,576.52
2021-04-26,1,28,20.59,0,0,4,576.52
2021-04-27,1,36,20.59,0,1,4,741.24
2021-04-28,1,49,16.47,1,2,4,807.03
2021-04-29,1,29,20.59,0,3,4,597.11
2021-04-30,1,20,20.59,0,4,4,411.8
2021-05-01,1,24,20.59,0,5,5,494.15999999999997
2021-05-02,1,21,20.59,0,6,5,432.39
2021-05-03,1,24,20.59,0,0,5,494.15999999999997
2021-05-04,1,28,20.59,0,1,5,576.52
2021-05-05,1,33,20.59,0,2,5,679.47
2021-05-06,1,27,20.59,0,3,5,555.93
2021-05-07,1,29,20.59,0,4,5,597.11
2021-05-08,1,25,20.59,0,5,5,514.75
2021-05-09,1,21,20.59,0,6,5,432.39
2021-05-10,1,19,20.59,0,0,5,391.21
2021-05-11,1,31,20.59,0,1,5,638.29
2021-05-12,1,31,20.59,0,2,5,638.29
2021-05-13,1,31,20.59,0,3,5,638.29
2021-05-14,1,24,20.59,0,4,5,494.15999999999997
2021-05-15,1,24,20.59,0,5,5,494.15999999999997
2021-05-16,1,23,20.59,0,6,5,473.57
2021-05-17,1,22,20.59,0,0,5,452.98
2021-05-18,1,28,20.59,0,1,5,576.52
2021-05-19,1,30,20.59,0,2,5,617.7
2021-05-20,1,27,20.59,0,3,5,555.93
2021-05-21,1,23,20.59,0,4,5,473.57
2021-05-22,1,23,20.59,0,5,5,473.57
2021-05-23,1,23,20.59,0,6,5,473.57
2021-05-24,1,24,20.59,0,0,5,494.15999999999997
2021-05-25,1,31,20.59,0,1,5,638.29
2021-05-26,1,27,20.59,0,2,5,555.93
2021-05-27,1,29,20.59,0,3,5,597.11
2021-05-28,1,26,20.59,0,4,5,535.34
2021-05-29,1,21,20.59,0,5,5,432.39
2021-05-30,1,23,20.59,0,6,5,473.57
2021-05-31,1,27,20.59,0,0,5,555.93
2021-06-01,1,32,20.59,0,1,6,658.88
2021-06-02,1,32,20.59,0,2,6,658.88
2021-06-03,1,30,20.59,0,3,6,617.7
2021-06-04,1,18,20.59,0,4,6,370.62
2021-06-05,1,20,20.59,0,5,6,411.8
2021-06-06,1,20,20.59,0,6,6,411.8
2021-06-07,1,37,16.47,1,0,6,609.39
2021-06-08,1,44,16.47,1,1,6,724.68
2021-06-09,1,29,20.59,0,2,6,597.11
2021-06-10,1,39,16.47,1,3,6,642.3299999999999
2021-06-11,1,23,20.59,0,4,6,473.57
2021-06-12,1,15,20.59,0,5,6,308.85
2021-06-13,1,25,20.59,0,6,6,514.75
2021-06-14,1,35,16.47,1,0,6,576.4499999999999
2021-06-15,1,31,20.59,0,1,6,638.29
2021-06-16,1,25,20.59,0,2,6,514.75
2021-06-17,1,22,20.59,0,3,6,452.98
2021-06-18,1,20,20.59,0,4,6,411.8
2021-06-19,1,28,16.47,1,5,6,461.15999999999997
2021-06-20,1,18,20.59,0,6,6,370.62
2021-06-21,1,20,20.59,0,0,6,411.8
2021-06-22,1,27,20.59,0,1,6,555.93
2021-06-23,1,45,16.47,1,2,6,741.15
2021-06-24,1,29,20.59,0,3,6,597.11
2021-06-25,1,19,20.59,0,4,6,391.21
2021-06-26,1,15,20.59,0,5,6,308.85
2021-06-27,1,18,20.59,0,6,6,370.62
2021-06-28,1,27,20.59,0,0,6,555.93
2021-06-29,1,28,20.59,0,1,6,576.52
2021-06-30,1,27,20.59,0,2,6,555.93
2021-07-01,1,22,20.59,0,3,7,452.98
2021-07-02,1,22,20.59,0,4,7,452.98
2021-07-03,1,24,20.59,0,5,7,494.15999999999997
2021-07-04,1,27,16.47,1,6,7,444.68999999999994
2021-07-05,1,15,20.59,0,0,7,308.85
2021-07-06,1,21,20.59,0,1,7,432.39
2021-07-07,1,25,20.59,0,2,7,514.75
2021-07-08,1,22,20.59,0,3,7,452.98
2021-07-09,1,23,20.59,0,4,7,473.57
2021-07-10,1,15,20.59,0,5,7,308.85
2021-07-11,1,17,20.59,0,6,7,350.03
2021-07-12,1,19,20.59,0,0,7,391.21
2021-07-13,1,26,20.59,0,1,7,535.34
2021-07-14,1,34,16.47,1,2,7,559.98
2021-07-15,1,21,20.59,0,3,7,432.39
2021-07-16,1,14,20.59,0,4,7,288.26
2021-07-17,1,14,20.59,0,5,7,288.26
2021-07-18,1,22,20.59,0,6,7,452.98
2021-07-19,1,25,20.59,0,0,7,514.75
2021-07-20,1,25,20.59,0,1,7,514.75
2021-07-21,1,36,16.47,1,2,7,592.92
2021-07-22,1,19,20.59,0,3,7,391.21
2021-07-23,1,18,20.59,0,4,7,370.62
2021-07-24,1,16,20.59,0,5,7,329.44
2021-07-25,1,16,20.59,0,6,7,329.44
2021-07-26,1,21,20.59,0,0,7,432.39
2021-07-27,1,19,20.59,0,1,7,391.21
2021-07-28,1,30,20.59,0,2,7,617.7
2021-07-29,1,25,20.59,0,3,7,514.75
2021-07-30,1,15,20.59,0,4,7,308.85
2021-07-31,1,15,20.59,0,5,7,308.85
2021-08-01,1,14,20.59,0,6,8,288.26
2021-08-02,1,20,20.59,0,0,8,411.8
2021-08-03,1,21,20.59,0,1,8,432.39
2021-08-04,1,27,16.47,1,2,8,444.68999999999994
2021-08-05,1,17,20.59,0,3,8,350.03
2021-08-06,1,20,20.59,0,4,8,411.8
2021-08-07,1,14,20.59,0,5,8,288.26
2021-08-08,1,14,20.59,0,6,8,288.26
2021-08-09,1,20,20.59,0,0,8,411.8
2021-08-10,1,23,20.59,0,1,8,473.57
2021-08-11,1,21,20.59,0,2,8,432.39
2021-08-12,1,12,20.59,0,3,8,247.07999999999998
2021-08-13,1,13,20.59,0,4,8,267.67
2021-08-14,1,14,16.47,1,5,8,230.57999999999998
2021-08-15,1,10,20.59,0,6,8,205.9
2021-08-16,1,17,20.59,0,0,8,350.03
2021-08-17,1,20,20.59,0,1,8,411.8
2021-08-18,1,24,20.59,0,2,8,494.15999999999997
2021-08-19,1,18,20.59,0,3,8,370.62
2021-08-20,1,13,20.59,0,4,8,267.67
2021-08-21,1,17,20.59,0,5,8,350.03
2021-08-22,1,19,20.59,0,6,8,391.21
2021-08-23,1,19,20.59,0,0,8,391.21
2021-08-24,1,19,20.59,0,1,8,391.21
2021-08-25,1,19,20.59,0,2,8,391.21
2021-08-26,1,14,20.59,0,3,8,288.26
2021-08-27,1,13,20.59,0,4,8,267.67
2021-08-28,1,12,20.59,0,5,8,247.07999999999998
2021-08-29,1,10,20.59,0,6,8,205.9
2021-08-30,1,15,20.59,0,0,8,308.85
2021-08-31,1,18,20.59,0,1,8,370.62
2021-09-01,1,23,20.59,0,2,9,473.57
2021-09-02,1,13,20.59,0,3,9,267.67
2021-09-03,1,15,20.59,0,4,9,308.85
2021-09-04,1,9,20.59,0,5,9,185.31
2021-09-05,1,14,16.47,1,6,9,230.57999999999998
2021-09-06,1,14,20.59,0,0,9,288.26
2021-09-07,1,18,20.59,0,1,9,370.62
2021-09-08,1,23,20.59,0,2,9,473.57
2021-09-09,1,16,20.59,0,3,9,329.44
2021-09-10,1,13,20.59,0,4,9,267.67
2021-09-11,1,10,20.59,0,5,9,205.9
2021-09-12,1,18,16.47,1,6,9,296.46
2021-09-13,1,13,16.47,1,0,9,214.10999999999999
2021-09-14,1,16,20.59,0,1,9,329.44
2021-09-15,1,21,20.59,0,2,9,432.39
2021-09-16,1,9,20.59,0,3,9,185.31
2021-09-17,1,13,20.59,0,4,9,267.67
2021-09-18,1,12,20.59,0,5,9,247.07999999999998
2021-09-19,1,15,20.59,0,6,9,308.85
2021-09-20,1,16,20.59,0,0,9,329.44
2021-09-21,1,19,20.59,0,1,9,391.21
2021-09-22,1,16,20.59,0,2,9,329.44
2021-09-23,1,11,20.59,0,3,9,226.49
2021-09-24,1,12,20.59,0,4,9,247.07999999999998
2021-09-25,1,12,20.59,0,5,9,247.07999999999998
2021-09-26,1,16,20.59,0,6,9,329.44
2021-09-27,1,11,20.59,0,0,9,226.49
2021-09-28,1,24,20.59,0,1,9,494.15999999999997
2021-09-29,1,19,20.59,0,2,9,391.21
2021-09-30,1,14,20.59,0,3,9,288.26
2021-10-01,1,19,16.47,1,4,10,312.92999999999995
2021-10-02,1,12,20.59,0,5,10,247.07999999999998
2021-10-03,1,19,16.47,1,6,10,312.92999999999995
2021-10-04,1,15,20.59,0,0,10,308.85
2021-10-05,1,20,20.59,0,1,10,411.8
2021-10-06,1,16,20.59,0,2,10,329.44
2021-10-07,1,17,20.59,0,3,10,350.03
2021-10-08,1,13,20.59,0,4,10,267.67
2021-10-09,1,17,20.59,0,5,10,350.03
2021-10-10,1,8,20.59,0,6,10,164.72
2021-10-11,1,22,20.59,0,0,10,452.98
2021-10-12,1,15,20.59,0,1,10,308.85
2021-10-13,1,15,20.59,0,2,10,308.85
2021-10-14,1,16,20.59,0,3,10,329.44
2021-10-15,1,15,20.59,0,4,10,308.85
2021-10-16,1,11,20.59,0,5,10,226.49
2021-10-17,1,15,20.59,0,6,10,308.85
2021-10-18,1,14,20.59,0,0,10,288.26
2021-10-19,1,25,16.47,1,1,10,411.75
2021-10-20,1,16,20.59,0,2,10,329.44
2021-10-21,1,21,20.59,0,3,10,432.39
2021-10-22,1,16,20.59,0,4,10,329.44
2021-10-23,1,9,20.59,0,5,10,185.31
2021-10-24,1,19,16.47,1,6,10,312.92999999999995
2021-10-25,1,12,20.59,0,0,10,247.07999999999998
2021-10-26,1,27,20.59,0,1,10,555.93
2021-10-27,1,20,20.59,0,2,10,411.8
2021-10-28,1,12,20.59,0,3,10,247.07999999999998
2021-10-29,1,11,20.59,0,4,10,226.49
2021-10-30,1,16,16.47,1,5,10,263.52
2021-10-31,1,15,20.59,0,6,10,308.85
2021-11-01,1,11,20.59,0,0,11,226.49
2021-11-02,1,15,20.59,0,1,11,308.85
2021-11-03,1,19,20.59,0,2,11,391.21
2021-11-04,1,18,20.59,0,3,11,370.62
2021-11-05,1,13,20.59,0,4,11,267.67
2021-11-06,1,12,20.59,0,5,11,247.07999999999998
2021-11-07,1,10,20.59,0,6,11,205.9
2021-11-08,1,18,20.59,0,0,11,370.62
2021-11-09,1,13,20.59,0,1,11,267.67
2021-11-10,1,30,16.47,1,2,11,494.09999999999997
2021-11-11,1,24,20.59,0,3,11,494.15999999999997
2021-11-12,1,14,20.59,0,4,11,288.26
2021-11-13,1,10,20.59,0,5,11,205.9
2021-11-14,1,21,16.47,1,6,11,345.87
2021-11-15,1,16,20.59,0,0,11,329.44
2021-11-16,1,21,20.59,0,1,11,432.39
2021-11-17,1,21,20.59,0,2,11,432.39
2021-11-18,1,32,16.47,1,3,11,527.04
2021-11-19,1,15,20.59,0,4,11,308.85
2021-11-20,1,12,20.59,0,5,11,247.07999999999998
2021-11-21,1,13,20.59,0,6,11,267.67
2021-11-22,1,16,20.59,0,0,11,329.44
2021-11-23,1,22,20.59,0,1,11,452.98
2021-11-24,1,17,20.59,0,2,11,350.03
2021-11-25,1,17,20.59,0,3,11,350.03
2021-11-26,1,17,20.59,0,4,11,350.03
2021-11-27,1,18,20.59,0,5,11,370.62
2021-11-28,1,13,20.59,0,6,11,267.67
2021-11-29,1,29,16.47,1,0,11,477.63
2021-11-30,1,21,20.59,0,1,11,432.39
2021-12-01,1,24,20.59,0,2,12,494.15999999999997
2021-12-02,1,31,16.47,1,3,12,510.56999999999994
2021-12-03,1,17,20.59,0,4,12,350.03
2021-12-04,1,23,20.59,0,5,12,473.57
2021-12-05,1,25,20.59,0,6,12,514.75
2021-12-06,1,19,20.59,0,0,12,391.21
2021-12-07,1,20,20.59,0,1,12,411.8
2021-12-08,1,24,20.59,0,2,12,494.15999999999997
2021-12-09,1,23,20.59,0,3,12,473.57
2021-12-10,1,22,20.59,0,4,12,452.98
2021-12-11,1,9,20.59,0,5,12,185.31
2021-12-12,1,16,20.59,0,6,12,329.44
2021-12-13,1,19,20.59,0,0,12,391.21
2021-12-14,1,21,20.59,0,1,12,432.39
2021-12-15,1,20,20.59,0,2,12,411.8
2021-12-16,1,22,20.59,0,3,12,452.98
2021-12-17,1,21,20.59,0,4,12,432.39
2021-12-18,1,13,20.59,0,5,12,267.67
2021-12-19,1,18,20.59,0,6,12,370.62
2021-12-20,1,22,20.59,0,0,12,452.98
2021-12-21,1,29,20.59,0,1,12,597.11
2021-12-22,1,40,16.47,1,2,12,658.8
2021-12-23,1,23,20.59,0,3,12,473.57
2021-12-24,1,20,20.59,0,4,12,411.8
2021-12-25,1,20,20.59,0,5,12,411.8
2021-12-26,1,19,20.59,0,6,12,391.21
2021-12-27,1,24,20.59,0,0,12,494.15999999999997
2021-12-28,1,24,20.59,0,1,12,494.15999999999997
2021-12-29,1,43,16.47,1,2,12,708.2099999999999
2021-12-30,1,34,16.47,1,3,12,559.98
2021-12-31,1,18,20.59,0,4,12,370.62
2022-01-01,1,17,20.59,0,5,1,350.03
2022-01-02,1,16,20.59,0,6,1,329.44
2022-01-03,1,25,20.59,0,0,1,514.75
2022-01-04,1,21,20.59,0,1,1,432.39
2022-01-05,1,26,20.59,0,2,1,535.34
2022-01-06,1,26,20.59,0,3,1,535.34
2022-01-07,1,21,20.59,0,4,1,432.39
2022-01-08,1,18,20.59,0,5,1,370.62
